[www.google-analytics.com/analytics.js]
[backblue.gif]
[fade.gif]
[index.html]
[manifesto.clapat.com/favicon.ico]
[manifesto.clapat.com/images/logo.png]
[manifesto.clapat.com/images/logo-white.png]
[manifesto.clapat.com/images/00hero.jpg]
[manifesto.clapat.com/images/01hero.jpg]
[manifesto.clapat.com/images/02hero.jpg]
[manifesto.clapat.com/images/03hero.jpg]
[manifesto.clapat.com/js/jquery.min.js]
[cdnjs.cloudflare.com/ajax/libs/gsap/3.11.4/gsap.min.js]
[cdnjs.cloudflare.com/ajax/libs/gsap/3.11.4/Flip.min.js]
[cdnjs.cloudflare.com/ajax/libs/gsap/3.11.4/ScrollTrigger.min.js]
[cdnjs.cloudflare.com/ajax/libs/jquery.imagesloaded/5.0.0/imagesloaded.pkgd.min.js]
[cdnjs.cloudflare.com/ajax/libs/smooth-scrollbar/8.4.0/smooth-scrollbar.js]
[manifesto.clapat.com/js/clapat.js]
[manifesto.clapat.com/js/plugins.js]
[manifesto.clapat.com/js/common.js]
[manifesto.clapat.com/js/contact.js]
[manifesto.clapat.com/js/scripts.js]
[cdnjs.cloudflare.com/ajax/libs/three.js/r128/three.min.js]
[manifesto.clapat.com/index.html]
[manifesto.clapat.com/webfonts/mona-sans-extraboldwide-webfont.woff2]
[manifesto.clapat.com/webfonts/mona-sans-extraboldwide-webfont.woff]
[manifesto.clapat.com/webfonts/mona-sans-lightwide-webfont.woff2]
[manifesto.clapat.com/webfonts/mona-sans-lightwide-webfont.woff]
[manifesto.clapat.com/images/rotate.png]
[manifesto.clapat.com/style.css]
[manifesto.clapat.com/webfonts/fa-brands-400.woff2]
[manifesto.clapat.com/webfonts/fa-brands-400.ttf]
[manifesto.clapat.com/webfonts/fa-regular-400.woff2]
[manifesto.clapat.com/webfonts/fa-regular-400.ttf]
[manifesto.clapat.com/webfonts/fa-solid-900.woff2]
[manifesto.clapat.com/webfonts/fa-solid-900.ttf]
[manifesto.clapat.com/webfonts/fa-v4compatibility.woff2]
[manifesto.clapat.com/webfonts/fa-v4compatibility.ttf]
[manifesto.clapat.com/css/all.min.css]
[manifesto.clapat.com/index-2.html]
[manifesto.clapat.com/images/04hero.jpg]
[manifesto.clapat.com/images/04hero.mp4]
[manifesto.clapat.com/images/05hero.jpg]
[manifesto.clapat.com/images/06hero.jpg]
[manifesto.clapat.com/images/07hero.jpg]
[manifesto.clapat.com/images/08hero.jpg]
[manifesto.clapat.com/index-showcase-carousel.html]
[manifesto.clapat.com/index-showcase-grid.html]
[manifesto.clapat.com/index-showcase-list.html]
[manifesto.clapat.com/index-showcase-gallery.html]
[manifesto.clapat.com/images/about.jpg]
[manifesto.clapat.com/images/about.mp4]
[manifesto.clapat.com/images/client-01.png]
[manifesto.clapat.com/images/client-02.png]
[manifesto.clapat.com/images/client-03.png]
[manifesto.clapat.com/images/client-04.png]
[manifesto.clapat.com/images/client-05.png]
[manifesto.clapat.com/images/client-06.png]
[manifesto.clapat.com/images/client-07.png]
[manifesto.clapat.com/images/client-08.png]
[manifesto.clapat.com/about.html]
[manifesto.clapat.com/contact.html]
[manifesto.clapat.com/typography.html]
[manifesto.clapat.com/images/shortcodes/image01.jpg]
[manifesto.clapat.com/images/shortcodes/image02.jpg]
[manifesto.clapat.com/images/shortcodes/image03.jpg]
[manifesto.clapat.com/images/shortcodes/image04.jpg]
[manifesto.clapat.com/images/shortcodes/pinned02.jpg]
[manifesto.clapat.com/images/shortcodes/pinned01.jpg]
[manifesto.clapat.com/images/shortcodes/collage01.jpg]
[manifesto.clapat.com/images/shortcodes/collage02.jpg]
[manifesto.clapat.com/images/shortcodes/collage03.jpg]
[manifesto.clapat.com/images/shortcodes/collage04.jpg]
[manifesto.clapat.com/images/shortcodes/collage05.jpg]
[manifesto.clapat.com/images/shortcodes/collage06.jpg]
[manifesto.clapat.com/images/shortcodes/collage07.jpg]
[manifesto.clapat.com/multimedia.html]
[manifesto.clapat.com/shortcodes.html]
[manifesto.clapat.com/images/projects/manifesto01.jpg]
[manifesto.clapat.com/images/projects/manifesto02.jpg]
[manifesto.clapat.com/images/projects/manifesto03.jpg]
[manifesto.clapat.com/project01.html]
[manifesto.clapat.com/images/projects/cast01.jpg]
[manifesto.clapat.com/images/projects/cast02.jpg]
[manifesto.clapat.com/images/projects/cast03.jpg]
[manifesto.clapat.com/images/projects/cast04.jpg]
[manifesto.clapat.com/project02.html]
[manifesto.clapat.com/images/projects/urbanedge01.jpg]
[manifesto.clapat.com/images/projects/urbanedge03.jpg]
[manifesto.clapat.com/images/projects/urbanedge02.jpg]
[manifesto.clapat.com/project03.html]
[manifesto.clapat.com/css/content.css]
[manifesto.clapat.com/css/showcase.css]
[manifesto.clapat.com/images/clients-middle.png]
[manifesto.clapat.com/images/clients-middle-white.png]
[manifesto.clapat.com/images/clients-top.png]
[manifesto.clapat.com/images/clients-top-white.png]
[manifesto.clapat.com/images/clients-bottom.png]
[manifesto.clapat.com/images/clients-bottom-white.png]
[manifesto.clapat.com/css/shortcodes.css]
[manifesto.clapat.com/css/assets.css]
[manifesto.clapat.com/images/projects/camarades01.jpg]
[manifesto.clapat.com/images/projects/camarades02.jpg]
[manifesto.clapat.com/images/projects/camarades03.jpg]
[manifesto.clapat.com/images/projects/camarades04.jpg]
[manifesto.clapat.com/images/projects/camarades05.jpg]
[manifesto.clapat.com/images/projects/camarades06.jpg]
[manifesto.clapat.com/images/projects/camarades07.jpg]
[manifesto.clapat.com/project04.html]
[manifesto.clapat.com/images/projects/storm01.jpg]
[manifesto.clapat.com/images/projects/storm02.jpg]
[manifesto.clapat.com/images/projects/storm03.jpg]
[manifesto.clapat.com/project05.html]
[manifesto.clapat.com/images/projects/heritage01.jpg]
[manifesto.clapat.com/images/projects/heritage02.jpg]
[manifesto.clapat.com/images/projects/heritage03.jpg]
[manifesto.clapat.com/images/projects/heritage04.jpg]
[manifesto.clapat.com/project06.html]
[manifesto.clapat.com/images/projects/serene01.jpg]
[manifesto.clapat.com/images/projects/serene02.jpg]
[manifesto.clapat.com/images/projects/serene03.jpg]
[manifesto.clapat.com/images/projects/serene04.jpg]
[manifesto.clapat.com/images/projects/serene05.jpg]
[manifesto.clapat.com/images/projects/serene.mp4]
[manifesto.clapat.com/project07.html]
[manifesto.clapat.com/images/projects/leafs01.jpg]
[manifesto.clapat.com/images/projects/leafs02.jpg]
[manifesto.clapat.com/images/projects/leafs03.jpg]
[manifesto.clapat.com/project08.html]
